CRITICAL - 2026-05-11 02:12:10 --> Error: Class "App\Models\ActiviteModel" not found
[Method: GET, Route: regime/calculer]
in APPPATH/Models/RegimeModel.php on line 78.
 1 APPPATH/Controllers/GestionRegime.php(91): App\Models\RegimeModel->getListe()
 2 SYSTEMPATH/CodeIgniter.php(951): App\Controllers\GestionRegime->calculerRegime()
 3 SYSTEMPATH/CodeIgniter.php(497): CodeIgniter\CodeIgniter->runController()
 4 SYSTEMPATH/CodeIgniter.php(340): CodeIgniter\CodeIgniter->handleRequest()
 5 SYSTEMPATH/Boot.php(417): CodeIgniter\CodeIgniter->run()
 6 SYSTEMPATH/Boot.php(68): CodeIgniter\Boot::runCodeIgniter()
 7 FCPATH/index.php(59): CodeIgniter\Boot::bootWeb()
 8 SYSTEMPATH/rewrite.php(44): require_once('/home/bryan/Documents/GitHub/Regime_alimentaire/public/index.php')
CRITICAL - 2026-05-11 02:13:04 --> Error: Class "App\Models\ActiviteModel" not found
[Method: GET, Route: regime/calculer]
in APPPATH/Models/RegimeModel.php on line 78.
 1 APPPATH/Controllers/GestionRegime.php(92): App\Models\RegimeModel->getListe()
 2 SYSTEMPATH/CodeIgniter.php(951): App\Controllers\GestionRegime->calculerRegime()
 3 SYSTEMPATH/CodeIgniter.php(497): CodeIgniter\CodeIgniter->runController()
 4 SYSTEMPATH/CodeIgniter.php(340): CodeIgniter\CodeIgniter->handleRequest()
 5 SYSTEMPATH/Boot.php(417): CodeIgniter\CodeIgniter->run()
 6 SYSTEMPATH/Boot.php(68): CodeIgniter\Boot::runCodeIgniter()
 7 FCPATH/index.php(59): CodeIgniter\Boot::bootWeb()
 8 SYSTEMPATH/rewrite.php(44): require_once('/home/bryan/Documents/GitHub/Regime_alimentaire/public/index.php')
CRITICAL - 2026-05-11 02:14:07 --> ErrorException: Undefined array key 5200
[Method: GET, Route: regime/calculer]
in APPPATH/Models/RegimeModel.php on line 127.
 1 APPPATH/Models/RegimeModel.php(127): CodeIgniter\Debug\Exceptions->errorHandler()
 2 APPPATH/Controllers/GestionRegime.php(103): App\Models\RegimeModel->calculerRegime()
 3 SYSTEMPATH/CodeIgniter.php(951): App\Controllers\GestionRegime->calculerRegime()
 4 SYSTEMPATH/CodeIgniter.php(497): CodeIgniter\CodeIgniter->runController()
 5 SYSTEMPATH/CodeIgniter.php(340): CodeIgniter\CodeIgniter->handleRequest()
 6 SYSTEMPATH/Boot.php(417): CodeIgniter\CodeIgniter->run()
 7 SYSTEMPATH/Boot.php(68): CodeIgniter\Boot::runCodeIgniter()
 8 FCPATH/index.php(59): CodeIgniter\Boot::bootWeb()
 9 SYSTEMPATH/rewrite.php(44): require_once('/home/bryan/Documents/GitHub/Regime_alimentaire/public/index.php')
CRITICAL - 2026-05-11 02:15:26 --> ErrorException: Undefined array key 5200
[Method: GET, Route: regime/calculer]
in APPPATH/Models/RegimeModel.php on line 127.
 1 APPPATH/Models/RegimeModel.php(127): CodeIgniter\Debug\Exceptions->errorHandler()
 2 APPPATH/Controllers/GestionRegime.php(103): App\Models\RegimeModel->calculerRegime()
 3 SYSTEMPATH/CodeIgniter.php(951): App\Controllers\GestionRegime->calculerRegime()
 4 SYSTEMPATH/CodeIgniter.php(497): CodeIgniter\CodeIgniter->runController()
 5 SYSTEMPATH/CodeIgniter.php(340): CodeIgniter\CodeIgniter->handleRequest()
 6 SYSTEMPATH/Boot.php(417): CodeIgniter\CodeIgniter->run()
 7 SYSTEMPATH/Boot.php(68): CodeIgniter\Boot::runCodeIgniter()
 8 FCPATH/index.php(59): CodeIgniter\Boot::bootWeb()
 9 SYSTEMPATH/rewrite.php(44): require_once('/home/bryan/Documents/GitHub/Regime_alimentaire/public/index.php')
ERROR - 2026-05-11 02:16:55 --> Unknown column 'regime_user.date_debut' in 'field list'
in SYSTEMPATH/Database/MySQLi/Connection.php on line 300.
 1 SYSTEMPATH/Database/MySQLi/Connection.php(300): mysqli->query()
 2 SYSTEMPATH/Database/BaseConnection.php(910): CodeIgniter\Database\MySQLi\Connection->execute()
 3 SYSTEMPATH/Database/BaseConnection.php(827): CodeIgniter\Database\BaseConnection->simpleQuery()
 4 SYSTEMPATH/Database/BaseBuilder.php(1649): CodeIgniter\Database\BaseConnection->query()
 5 SYSTEMPATH/Model.php(253): CodeIgniter\Database\BaseBuilder->get()
 6 SYSTEMPATH/BaseModel.php(676): CodeIgniter\Model->doFindAll()
 7 APPPATH/Controllers/GestionRegime.php(146): CodeIgniter\BaseModel->findAll()
 8 SYSTEMPATH/CodeIgniter.php(951): App\Controllers\GestionRegime->afficherRegime()
 9 SYSTEMPATH/CodeIgniter.php(497): CodeIgniter\CodeIgniter->runController()
10 SYSTEMPATH/CodeIgniter.php(340): CodeIgniter\CodeIgniter->handleRequest()
11 SYSTEMPATH/Boot.php(417): CodeIgniter\CodeIgniter->run()
12 SYSTEMPATH/Boot.php(68): CodeIgniter\Boot::runCodeIgniter()
13 FCPATH/index.php(59): CodeIgniter\Boot::bootWeb()
14 SYSTEMPATH/rewrite.php(44): require_once('/home/bryan/Documents/GitHub/Regime_alimentaire/public/index.php')
CRITICAL - 2026-05-11 02:16:55 --> CodeIgniter\Database\Exceptions\DatabaseException: Unknown column 'regime_user.date_debut' in 'field list'
[Method: GET, Route: regime]
in SYSTEMPATH/Database/BaseConnection.php on line 865.
 1 SYSTEMPATH/Database/BaseBuilder.php(1649): CodeIgniter\Database\BaseConnection->query()
 2 SYSTEMPATH/Model.php(253): CodeIgniter\Database\BaseBuilder->get()
 3 SYSTEMPATH/BaseModel.php(676): CodeIgniter\Model->doFindAll()
 4 APPPATH/Controllers/GestionRegime.php(146): CodeIgniter\BaseModel->findAll()
 5 SYSTEMPATH/CodeIgniter.php(951): App\Controllers\GestionRegime->afficherRegime()
 6 SYSTEMPATH/CodeIgniter.php(497): CodeIgniter\CodeIgniter->runController()
 7 SYSTEMPATH/CodeIgniter.php(340): CodeIgniter\CodeIgniter->handleRequest()
 8 SYSTEMPATH/Boot.php(417): CodeIgniter\CodeIgniter->run()
 9 SYSTEMPATH/Boot.php(68): CodeIgniter\Boot::runCodeIgniter()
10 FCPATH/index.php(59): CodeIgniter\Boot::bootWeb()
11 SYSTEMPATH/rewrite.php(44): require_once('/home/bryan/Documents/GitHub/Regime_alimentaire/public/index.php')
CRITICAL - 2026-05-11 02:16:55 --> [Caused by] CodeIgniter\Database\Exceptions\DatabaseException: Unknown column 'regime_user.date_debut' in 'field list'
in SYSTEMPATH/Database/MySQLi/Connection.php on line 310.
 1 SYSTEMPATH/Database/BaseConnection.php(910): CodeIgniter\Database\MySQLi\Connection->execute()
 2 SYSTEMPATH/Database/BaseConnection.php(827): CodeIgniter\Database\BaseConnection->simpleQuery()
 3 SYSTEMPATH/Database/BaseBuilder.php(1649): CodeIgniter\Database\BaseConnection->query()
 4 SYSTEMPATH/Model.php(253): CodeIgniter\Database\BaseBuilder->get()
 5 SYSTEMPATH/BaseModel.php(676): CodeIgniter\Model->doFindAll()
 6 APPPATH/Controllers/GestionRegime.php(146): CodeIgniter\BaseModel->findAll()
 7 SYSTEMPATH/CodeIgniter.php(951): App\Controllers\GestionRegime->afficherRegime()
 8 SYSTEMPATH/CodeIgniter.php(497): CodeIgniter\CodeIgniter->runController()
 9 SYSTEMPATH/CodeIgniter.php(340): CodeIgniter\CodeIgniter->handleRequest()
10 SYSTEMPATH/Boot.php(417): CodeIgniter\CodeIgniter->run()
11 SYSTEMPATH/Boot.php(68): CodeIgniter\Boot::runCodeIgniter()
12 FCPATH/index.php(59): CodeIgniter\Boot::bootWeb()
13 SYSTEMPATH/rewrite.php(44): require_once('/home/bryan/Documents/GitHub/Regime_alimentaire/public/index.php')
CRITICAL - 2026-05-11 02:16:55 --> [Caused by] mysqli_sql_exception: Unknown column 'regime_user.date_debut' in 'field list'
in SYSTEMPATH/Database/MySQLi/Connection.php on line 300.
 1 SYSTEMPATH/Database/MySQLi/Connection.php(300): mysqli->query()
 2 SYSTEMPATH/Database/BaseConnection.php(910): CodeIgniter\Database\MySQLi\Connection->execute()
 3 SYSTEMPATH/Database/BaseConnection.php(827): CodeIgniter\Database\BaseConnection->simpleQuery()
 4 SYSTEMPATH/Database/BaseBuilder.php(1649): CodeIgniter\Database\BaseConnection->query()
 5 SYSTEMPATH/Model.php(253): CodeIgniter\Database\BaseBuilder->get()
 6 SYSTEMPATH/BaseModel.php(676): CodeIgniter\Model->doFindAll()
 7 APPPATH/Controllers/GestionRegime.php(146): CodeIgniter\BaseModel->findAll()
 8 SYSTEMPATH/CodeIgniter.php(951): App\Controllers\GestionRegime->afficherRegime()
 9 SYSTEMPATH/CodeIgniter.php(497): CodeIgniter\CodeIgniter->runController()
10 SYSTEMPATH/CodeIgniter.php(340): CodeIgniter\CodeIgniter->handleRequest()
11 SYSTEMPATH/Boot.php(417): CodeIgniter\CodeIgniter->run()
12 SYSTEMPATH/Boot.php(68): CodeIgniter\Boot::runCodeIgniter()
13 FCPATH/index.php(59): CodeIgniter\Boot::bootWeb()
14 SYSTEMPATH/rewrite.php(44): require_once('/home/bryan/Documents/GitHub/Regime_alimentaire/public/index.php')
CRITICAL - 2026-05-11 02:19:12 --> ErrorException: Undefined array key "valeur_target"
[Method: GET, Route: regime]
in APPPATH/Views/regime.php on line 17.
 1 APPPATH/Views/regime.php(17): CodeIgniter\Debug\Exceptions->errorHandler()
 2 SYSTEMPATH/View/View.php(240): include('/home/bryan/Documents/GitHub/Regime_alimentaire/app/Views/regime.php')
 3 SYSTEMPATH/View/View.php(243): CodeIgniter\View\View->CodeIgniter\View\{closure}()
 4 SYSTEMPATH/Common.php(1250): CodeIgniter\View\View->render()
 5 APPPATH/Controllers/GestionRegime.php(161): view()
 6 SYSTEMPATH/CodeIgniter.php(951): App\Controllers\GestionRegime->afficherRegime()
 7 SYSTEMPATH/CodeIgniter.php(497): CodeIgniter\CodeIgniter->runController()
 8 SYSTEMPATH/CodeIgniter.php(340): CodeIgniter\CodeIgniter->handleRequest()
 9 SYSTEMPATH/Boot.php(417): CodeIgniter\CodeIgniter->run()
10 SYSTEMPATH/Boot.php(68): CodeIgniter\Boot::runCodeIgniter()
11 FCPATH/index.php(59): CodeIgniter\Boot::bootWeb()
12 SYSTEMPATH/rewrite.php(44): require_once('/home/bryan/Documents/GitHub/Regime_alimentaire/public/index.php')
CRITICAL - 2026-05-11 02:24:02 --> CodeIgniter\HTTP\Exceptions\HTTPException: Failed to parse JSON string. Error: Syntax error
[Method: POST, Route: login/authentifier]
in SYSTEMPATH/HTTP/IncomingRequest.php on line 406.
 1 SYSTEMPATH/HTTP/IncomingRequest.php(406): CodeIgniter\HTTP\Exceptions\HTTPException::forInvalidJSON()
 2 APPPATH/Controllers/GestionUser.php(29): CodeIgniter\HTTP\IncomingRequest->getJSON()
 3 SYSTEMPATH/CodeIgniter.php(951): App\Controllers\GestionUser->authentifier()
 4 SYSTEMPATH/CodeIgniter.php(497): CodeIgniter\CodeIgniter->runController()
 5 SYSTEMPATH/CodeIgniter.php(340): CodeIgniter\CodeIgniter->handleRequest()
 6 SYSTEMPATH/Boot.php(417): CodeIgniter\CodeIgniter->run()
 7 SYSTEMPATH/Boot.php(68): CodeIgniter\Boot::runCodeIgniter()
 8 FCPATH/index.php(59): CodeIgniter\Boot::bootWeb()
 9 SYSTEMPATH/rewrite.php(44): require_once('/home/bryan/Documents/GitHub/Regime_alimentaire/public/index.php')
CRITICAL - 2026-05-11 02:27:22 --> CodeIgniter\HTTP\Exceptions\HTTPException: Failed to parse JSON string. Error: Syntax error
[Method: POST, Route: login/authentifier]
in SYSTEMPATH/HTTP/IncomingRequest.php on line 406.
 1 SYSTEMPATH/HTTP/IncomingRequest.php(406): CodeIgniter\HTTP\Exceptions\HTTPException::forInvalidJSON()
 2 APPPATH/Controllers/GestionUser.php(29): CodeIgniter\HTTP\IncomingRequest->getJSON()
 3 SYSTEMPATH/CodeIgniter.php(951): App\Controllers\GestionUser->authentifier()
 4 SYSTEMPATH/CodeIgniter.php(497): CodeIgniter\CodeIgniter->runController()
 5 SYSTEMPATH/CodeIgniter.php(340): CodeIgniter\CodeIgniter->handleRequest()
 6 SYSTEMPATH/Boot.php(417): CodeIgniter\CodeIgniter->run()
 7 SYSTEMPATH/Boot.php(68): CodeIgniter\Boot::runCodeIgniter()
 8 FCPATH/index.php(59): CodeIgniter\Boot::bootWeb()
 9 SYSTEMPATH/rewrite.php(44): require_once('/home/bryan/Documents/GitHub/Regime_alimentaire/public/index.php')
CRITICAL - 2026-05-11 02:28:32 --> CodeIgniter\HTTP\Exceptions\HTTPException: Failed to parse JSON string. Error: Syntax error
[Method: POST, Route: login/authentifier]
in SYSTEMPATH/HTTP/IncomingRequest.php on line 406.
 1 SYSTEMPATH/HTTP/IncomingRequest.php(406): CodeIgniter\HTTP\Exceptions\HTTPException::forInvalidJSON()
 2 APPPATH/Controllers/GestionUser.php(29): CodeIgniter\HTTP\IncomingRequest->getJSON()
 3 SYSTEMPATH/CodeIgniter.php(951): App\Controllers\GestionUser->authentifier()
 4 SYSTEMPATH/CodeIgniter.php(497): CodeIgniter\CodeIgniter->runController()
 5 SYSTEMPATH/CodeIgniter.php(340): CodeIgniter\CodeIgniter->handleRequest()
 6 SYSTEMPATH/Boot.php(417): CodeIgniter\CodeIgniter->run()
 7 SYSTEMPATH/Boot.php(68): CodeIgniter\Boot::runCodeIgniter()
 8 FCPATH/index.php(59): CodeIgniter\Boot::bootWeb()
 9 SYSTEMPATH/rewrite.php(44): require_once('/home/bryan/Documents/GitHub/Regime_alimentaire/public/index.php')
CRITICAL - 2026-05-11 02:29:12 --> CodeIgniter\Security\Exceptions\SecurityException: The action you requested is not allowed.
[Method: POST, Route: login/authentifier]
in SYSTEMPATH/Security/Security.php on line 258.
 1 SYSTEMPATH/Security/Security.php(258): CodeIgniter\Security\Exceptions\SecurityException::forDisallowedAction()
 2 SYSTEMPATH/Filters/CSRF.php(52): CodeIgniter\Security\Security->verify()
 3 SYSTEMPATH/Filters/Filters.php(241): CodeIgniter\Filters\CSRF->before()
 4 SYSTEMPATH/Filters/Filters.php(221): CodeIgniter\Filters\Filters->runBefore()
 5 SYSTEMPATH/CodeIgniter.php(465): CodeIgniter\Filters\Filters->run()
 6 SYSTEMPATH/CodeIgniter.php(340): CodeIgniter\CodeIgniter->handleRequest()
 7 SYSTEMPATH/Boot.php(417): CodeIgniter\CodeIgniter->run()
 8 SYSTEMPATH/Boot.php(68): CodeIgniter\Boot::runCodeIgniter()
 9 FCPATH/index.php(59): CodeIgniter\Boot::bootWeb()
10 SYSTEMPATH/rewrite.php(44): require_once('/home/bryan/Documents/GitHub/Regime_alimentaire/public/index.php')
CRITICAL - 2026-05-11 02:31:36 --> CodeIgniter\HTTP\Exceptions\HTTPException: Failed to parse JSON string. Error: Syntax error
[Method: POST, Route: login/authentifier]
in SYSTEMPATH/HTTP/IncomingRequest.php on line 406.
 1 SYSTEMPATH/HTTP/IncomingRequest.php(406): CodeIgniter\HTTP\Exceptions\HTTPException::forInvalidJSON()
 2 APPPATH/Controllers/GestionUser.php(29): CodeIgniter\HTTP\IncomingRequest->getJSON()
 3 SYSTEMPATH/CodeIgniter.php(951): App\Controllers\GestionUser->authentifier()
 4 SYSTEMPATH/CodeIgniter.php(497): CodeIgniter\CodeIgniter->runController()
 5 SYSTEMPATH/CodeIgniter.php(340): CodeIgniter\CodeIgniter->handleRequest()
 6 SYSTEMPATH/Boot.php(417): CodeIgniter\CodeIgniter->run()
 7 SYSTEMPATH/Boot.php(68): CodeIgniter\Boot::runCodeIgniter()
 8 FCPATH/index.php(59): CodeIgniter\Boot::bootWeb()
 9 SYSTEMPATH/rewrite.php(44): require_once('/home/bryan/Documents/GitHub/Regime_alimentaire/public/index.php')
CRITICAL - 2026-05-11 02:32:00 --> CodeIgniter\Security\Exceptions\SecurityException: The action you requested is not allowed.
[Method: POST, Route: login/authentifier]
in SYSTEMPATH/Security/Security.php on line 258.
 1 SYSTEMPATH/Security/Security.php(258): CodeIgniter\Security\Exceptions\SecurityException::forDisallowedAction()
 2 SYSTEMPATH/Filters/CSRF.php(52): CodeIgniter\Security\Security->verify()
 3 SYSTEMPATH/Filters/Filters.php(241): CodeIgniter\Filters\CSRF->before()
 4 SYSTEMPATH/Filters/Filters.php(221): CodeIgniter\Filters\Filters->runBefore()
 5 SYSTEMPATH/CodeIgniter.php(465): CodeIgniter\Filters\Filters->run()
 6 SYSTEMPATH/CodeIgniter.php(340): CodeIgniter\CodeIgniter->handleRequest()
 7 SYSTEMPATH/Boot.php(417): CodeIgniter\CodeIgniter->run()
 8 SYSTEMPATH/Boot.php(68): CodeIgniter\Boot::runCodeIgniter()
 9 FCPATH/index.php(59): CodeIgniter\Boot::bootWeb()
10 SYSTEMPATH/rewrite.php(44): require_once('/home/bryan/Documents/GitHub/Regime_alimentaire/public/index.php')
CRITICAL - 2026-05-11 02:34:48 --> CodeIgniter\HTTP\Exceptions\HTTPException: Failed to parse JSON string. Error: Syntax error
[Method: POST, Route: login/authentifier]
in SYSTEMPATH/HTTP/IncomingRequest.php on line 406.
 1 SYSTEMPATH/HTTP/IncomingRequest.php(406): CodeIgniter\HTTP\Exceptions\HTTPException::forInvalidJSON()
 2 APPPATH/Controllers/GestionUser.php(29): CodeIgniter\HTTP\IncomingRequest->getJSON()
 3 SYSTEMPATH/CodeIgniter.php(951): App\Controllers\GestionUser->authentifier()
 4 SYSTEMPATH/CodeIgniter.php(497): CodeIgniter\CodeIgniter->runController()
 5 SYSTEMPATH/CodeIgniter.php(340): CodeIgniter\CodeIgniter->handleRequest()
 6 SYSTEMPATH/Boot.php(417): CodeIgniter\CodeIgniter->run()
 7 SYSTEMPATH/Boot.php(68): CodeIgniter\Boot::runCodeIgniter()
 8 FCPATH/index.php(59): CodeIgniter\Boot::bootWeb()
 9 SYSTEMPATH/rewrite.php(44): require_once('/home/bryan/Documents/GitHub/Regime_alimentaire/public/index.php')
CRITICAL - 2026-05-11 02:35:46 --> CodeIgniter\Security\Exceptions\SecurityException: The action you requested is not allowed.
[Method: POST, Route: login/authentifier]
in SYSTEMPATH/Security/Security.php on line 258.
 1 SYSTEMPATH/Security/Security.php(258): CodeIgniter\Security\Exceptions\SecurityException::forDisallowedAction()
 2 SYSTEMPATH/Filters/CSRF.php(52): CodeIgniter\Security\Security->verify()
 3 SYSTEMPATH/Filters/Filters.php(241): CodeIgniter\Filters\CSRF->before()
 4 SYSTEMPATH/Filters/Filters.php(221): CodeIgniter\Filters\Filters->runBefore()
 5 SYSTEMPATH/CodeIgniter.php(465): CodeIgniter\Filters\Filters->run()
 6 SYSTEMPATH/CodeIgniter.php(340): CodeIgniter\CodeIgniter->handleRequest()
 7 SYSTEMPATH/Boot.php(417): CodeIgniter\CodeIgniter->run()
 8 SYSTEMPATH/Boot.php(68): CodeIgniter\Boot::runCodeIgniter()
 9 FCPATH/index.php(59): CodeIgniter\Boot::bootWeb()
10 SYSTEMPATH/rewrite.php(44): require_once('/home/bryan/Documents/GitHub/Regime_alimentaire/public/index.php')
CRITICAL - 2026-05-11 02:38:29 --> ErrorException: Undefined array key "id"
[Method: POST, Route: login/authentifier]
in APPPATH/Controllers/GestionUser.php on line 61.
 1 APPPATH/Controllers/GestionUser.php(61): CodeIgniter\Debug\Exceptions->errorHandler()
 2 SYSTEMPATH/CodeIgniter.php(951): App\Controllers\GestionUser->authentifier()
 3 SYSTEMPATH/CodeIgniter.php(497): CodeIgniter\CodeIgniter->runController()
 4 SYSTEMPATH/CodeIgniter.php(340): CodeIgniter\CodeIgniter->handleRequest()
 5 SYSTEMPATH/Boot.php(417): CodeIgniter\CodeIgniter->run()
 6 SYSTEMPATH/Boot.php(68): CodeIgniter\Boot::runCodeIgniter()
 7 FCPATH/index.php(59): CodeIgniter\Boot::bootWeb()
 8 SYSTEMPATH/rewrite.php(44): require_once('/home/bryan/Documents/GitHub/Regime_alimentaire/public/index.php')
CRITICAL - 2026-05-11 02:38:52 --> CodeIgniter\Security\Exceptions\SecurityException: The action you requested is not allowed.
[Method: POST, Route: login/authentifier]
in SYSTEMPATH/Security/Security.php on line 258.
 1 SYSTEMPATH/Security/Security.php(258): CodeIgniter\Security\Exceptions\SecurityException::forDisallowedAction()
 2 SYSTEMPATH/Filters/CSRF.php(52): CodeIgniter\Security\Security->verify()
 3 SYSTEMPATH/Filters/Filters.php(241): CodeIgniter\Filters\CSRF->before()
 4 SYSTEMPATH/Filters/Filters.php(221): CodeIgniter\Filters\Filters->runBefore()
 5 SYSTEMPATH/CodeIgniter.php(465): CodeIgniter\Filters\Filters->run()
 6 SYSTEMPATH/CodeIgniter.php(340): CodeIgniter\CodeIgniter->handleRequest()
 7 SYSTEMPATH/Boot.php(417): CodeIgniter\CodeIgniter->run()
 8 SYSTEMPATH/Boot.php(68): CodeIgniter\Boot::runCodeIgniter()
 9 FCPATH/index.php(59): CodeIgniter\Boot::bootWeb()
10 SYSTEMPATH/rewrite.php(44): require_once('/home/bryan/Documents/GitHub/Regime_alimentaire/public/index.php')
CRITICAL - 2026-05-11 02:51:36 --> ErrorException: Undefined variable $session
[Method: GET, Route: regime]
in APPPATH/Views/layout.php on line 36.
 1 APPPATH/Views/layout.php(36): CodeIgniter\Debug\Exceptions->errorHandler()
 2 SYSTEMPATH/View/View.php(240): include('/home/bryan/Documents/GitHub/Regime_alimentaire/app/Views/layout.php')
 3 SYSTEMPATH/View/View.php(243): CodeIgniter\View\View->CodeIgniter\View\{closure}()
 4 SYSTEMPATH/View/View.php(256): CodeIgniter\View\View->render()
 5 SYSTEMPATH/Common.php(1250): CodeIgniter\View\View->render()
 6 APPPATH/Controllers/GestionRegime.php(161): view()
 7 SYSTEMPATH/CodeIgniter.php(951): App\Controllers\GestionRegime->afficherRegime()
 8 SYSTEMPATH/CodeIgniter.php(497): CodeIgniter\CodeIgniter->runController()
 9 SYSTEMPATH/CodeIgniter.php(340): CodeIgniter\CodeIgniter->handleRequest()
10 SYSTEMPATH/Boot.php(417): CodeIgniter\CodeIgniter->run()
11 SYSTEMPATH/Boot.php(68): CodeIgniter\Boot::runCodeIgniter()
12 FCPATH/index.php(59): CodeIgniter\Boot::bootWeb()
13 SYSTEMPATH/rewrite.php(44): require_once('/home/bryan/Documents/GitHub/Regime_alimentaire/public/index.php')
CRITICAL - 2026-05-11 02:59:43 --> ErrorException: Undefined array key "duree_jours"
[Method: GET, Route: regime]
in APPPATH/Views/regime.php on line 92.
 1 APPPATH/Views/regime.php(92): CodeIgniter\Debug\Exceptions->errorHandler()
 2 SYSTEMPATH/View/View.php(240): include('/home/bryan/Documents/GitHub/Regime_alimentaire/app/Views/regime.php')
 3 SYSTEMPATH/View/View.php(243): CodeIgniter\View\View->CodeIgniter\View\{closure}()
 4 SYSTEMPATH/Common.php(1250): CodeIgniter\View\View->render()
 5 APPPATH/Controllers/GestionRegime.php(165): view()
 6 SYSTEMPATH/CodeIgniter.php(951): App\Controllers\GestionRegime->afficherRegime()
 7 SYSTEMPATH/CodeIgniter.php(497): CodeIgniter\CodeIgniter->runController()
 8 SYSTEMPATH/CodeIgniter.php(340): CodeIgniter\CodeIgniter->handleRequest()
 9 SYSTEMPATH/Boot.php(417): CodeIgniter\CodeIgniter->run()
10 SYSTEMPATH/Boot.php(68): CodeIgniter\Boot::runCodeIgniter()
11 FCPATH/index.php(59): CodeIgniter\Boot::bootWeb()
12 SYSTEMPATH/rewrite.php(44): require_once('/home/bryan/Documents/GitHub/Regime_alimentaire/public/index.php')
CRITICAL - 2026-05-11 03:02:04 --> CodeIgniter\Security\Exceptions\SecurityException: The action you requested is not allowed.
[Method: POST, Route: login/authentifier]
in SYSTEMPATH/Security/Security.php on line 258.
 1 SYSTEMPATH/Security/Security.php(258): CodeIgniter\Security\Exceptions\SecurityException::forDisallowedAction()
 2 SYSTEMPATH/Filters/CSRF.php(52): CodeIgniter\Security\Security->verify()
 3 SYSTEMPATH/Filters/Filters.php(241): CodeIgniter\Filters\CSRF->before()
 4 SYSTEMPATH/Filters/Filters.php(221): CodeIgniter\Filters\Filters->runBefore()
 5 SYSTEMPATH/CodeIgniter.php(465): CodeIgniter\Filters\Filters->run()
 6 SYSTEMPATH/CodeIgniter.php(340): CodeIgniter\CodeIgniter->handleRequest()
 7 SYSTEMPATH/Boot.php(417): CodeIgniter\CodeIgniter->run()
 8 SYSTEMPATH/Boot.php(68): CodeIgniter\Boot::runCodeIgniter()
 9 FCPATH/index.php(59): CodeIgniter\Boot::bootWeb()
10 SYSTEMPATH/rewrite.php(44): require_once('/home/bryan/Documents/GitHub/Regime_alimentaire/public/index.php')
CRITICAL - 2026-05-11 03:02:13 --> CodeIgniter\Security\Exceptions\SecurityException: The action you requested is not allowed.
[Method: POST, Route: login/authentifier]
in SYSTEMPATH/Security/Security.php on line 258.
 1 SYSTEMPATH/Security/Security.php(258): CodeIgniter\Security\Exceptions\SecurityException::forDisallowedAction()
 2 SYSTEMPATH/Filters/CSRF.php(52): CodeIgniter\Security\Security->verify()
 3 SYSTEMPATH/Filters/Filters.php(241): CodeIgniter\Filters\CSRF->before()
 4 SYSTEMPATH/Filters/Filters.php(221): CodeIgniter\Filters\Filters->runBefore()
 5 SYSTEMPATH/CodeIgniter.php(465): CodeIgniter\Filters\Filters->run()
 6 SYSTEMPATH/CodeIgniter.php(340): CodeIgniter\CodeIgniter->handleRequest()
 7 SYSTEMPATH/Boot.php(417): CodeIgniter\CodeIgniter->run()
 8 SYSTEMPATH/Boot.php(68): CodeIgniter\Boot::runCodeIgniter()
 9 FCPATH/index.php(59): CodeIgniter\Boot::bootWeb()
10 SYSTEMPATH/rewrite.php(44): require_once('/home/bryan/Documents/GitHub/Regime_alimentaire/public/index.php')
CRITICAL - 2026-05-11 09:24:32 --> ParseError: syntax error, unexpected token "}"
[Method: GET, Route: regime]
in APPPATH/Views/regime.php on line 95.
 1 SYSTEMPATH/View/View.php(243): CodeIgniter\View\View->CodeIgniter\View\{closure}()
 2 SYSTEMPATH/Common.php(1250): CodeIgniter\View\View->render()
 3 APPPATH/Controllers/GestionRegime.php(175): view()
 4 SYSTEMPATH/CodeIgniter.php(951): App\Controllers\GestionRegime->afficherRegime()
 5 SYSTEMPATH/CodeIgniter.php(497): CodeIgniter\CodeIgniter->runController()
 6 SYSTEMPATH/CodeIgniter.php(340): CodeIgniter\CodeIgniter->handleRequest()
 7 SYSTEMPATH/Boot.php(417): CodeIgniter\CodeIgniter->run()
 8 SYSTEMPATH/Boot.php(68): CodeIgniter\Boot::runCodeIgniter()
 9 FCPATH/index.php(59): CodeIgniter\Boot::bootWeb()
10 SYSTEMPATH/rewrite.php(44): require_once('/home/bryan/Documents/GitHub/Regime_alimentaire/public/index.php')
CRITICAL - 2026-05-11 09:24:34 --> ParseError: syntax error, unexpected token "}"
[Method: GET, Route: regime]
in APPPATH/Views/regime.php on line 95.
 1 SYSTEMPATH/View/View.php(243): CodeIgniter\View\View->CodeIgniter\View\{closure}()
 2 SYSTEMPATH/Common.php(1250): CodeIgniter\View\View->render()
 3 APPPATH/Controllers/GestionRegime.php(175): view()
 4 SYSTEMPATH/CodeIgniter.php(951): App\Controllers\GestionRegime->afficherRegime()
 5 SYSTEMPATH/CodeIgniter.php(497): CodeIgniter\CodeIgniter->runController()
 6 SYSTEMPATH/CodeIgniter.php(340): CodeIgniter\CodeIgniter->handleRequest()
 7 SYSTEMPATH/Boot.php(417): CodeIgniter\CodeIgniter->run()
 8 SYSTEMPATH/Boot.php(68): CodeIgniter\Boot::runCodeIgniter()
 9 FCPATH/index.php(59): CodeIgniter\Boot::bootWeb()
10 SYSTEMPATH/rewrite.php(44): require_once('/home/bryan/Documents/GitHub/Regime_alimentaire/public/index.php')
CRITICAL - 2026-05-11 09:27:01 --> ParseError: Unmatched '}'
[Method: GET, Route: regime]
in APPPATH/Views/layout.php on line 44.
 1 SYSTEMPATH/View/View.php(243): CodeIgniter\View\View->CodeIgniter\View\{closure}()
 2 SYSTEMPATH/View/View.php(256): CodeIgniter\View\View->render()
 3 SYSTEMPATH/Common.php(1250): CodeIgniter\View\View->render()
 4 APPPATH/Controllers/GestionRegime.php(175): view()
 5 SYSTEMPATH/CodeIgniter.php(951): App\Controllers\GestionRegime->afficherRegime()
 6 SYSTEMPATH/CodeIgniter.php(497): CodeIgniter\CodeIgniter->runController()
 7 SYSTEMPATH/CodeIgniter.php(340): CodeIgniter\CodeIgniter->handleRequest()
 8 SYSTEMPATH/Boot.php(417): CodeIgniter\CodeIgniter->run()
 9 SYSTEMPATH/Boot.php(68): CodeIgniter\Boot::runCodeIgniter()
10 FCPATH/index.php(59): CodeIgniter\Boot::bootWeb()
11 SYSTEMPATH/rewrite.php(44): require_once('/home/bryan/Documents/GitHub/Regime_alimentaire/public/index.php')
CRITICAL - 2026-05-11 09:27:01 --> ParseError: Unmatched '}'
[Method: GET, Route: regime]
in APPPATH/Views/layout.php on line 44.
 1 SYSTEMPATH/View/View.php(243): CodeIgniter\View\View->CodeIgniter\View\{closure}()
 2 SYSTEMPATH/View/View.php(256): CodeIgniter\View\View->render()
 3 SYSTEMPATH/Common.php(1250): CodeIgniter\View\View->render()
 4 APPPATH/Controllers/GestionRegime.php(175): view()
 5 SYSTEMPATH/CodeIgniter.php(951): App\Controllers\GestionRegime->afficherRegime()
 6 SYSTEMPATH/CodeIgniter.php(497): CodeIgniter\CodeIgniter->runController()
 7 SYSTEMPATH/CodeIgniter.php(340): CodeIgniter\CodeIgniter->handleRequest()
 8 SYSTEMPATH/Boot.php(417): CodeIgniter\CodeIgniter->run()
 9 SYSTEMPATH/Boot.php(68): CodeIgniter\Boot::runCodeIgniter()
10 FCPATH/index.php(59): CodeIgniter\Boot::bootWeb()
11 SYSTEMPATH/rewrite.php(44): require_once('/home/bryan/Documents/GitHub/Regime_alimentaire/public/index.php')
CRITICAL - 2026-05-11 09:27:02 --> ParseError: Unmatched '}'
[Method: GET, Route: regime]
in APPPATH/Views/layout.php on line 44.
 1 SYSTEMPATH/View/View.php(243): CodeIgniter\View\View->CodeIgniter\View\{closure}()
 2 SYSTEMPATH/View/View.php(256): CodeIgniter\View\View->render()
 3 SYSTEMPATH/Common.php(1250): CodeIgniter\View\View->render()
 4 APPPATH/Controllers/GestionRegime.php(175): view()
 5 SYSTEMPATH/CodeIgniter.php(951): App\Controllers\GestionRegime->afficherRegime()
 6 SYSTEMPATH/CodeIgniter.php(497): CodeIgniter\CodeIgniter->runController()
 7 SYSTEMPATH/CodeIgniter.php(340): CodeIgniter\CodeIgniter->handleRequest()
 8 SYSTEMPATH/Boot.php(417): CodeIgniter\CodeIgniter->run()
 9 SYSTEMPATH/Boot.php(68): CodeIgniter\Boot::runCodeIgniter()
10 FCPATH/index.php(59): CodeIgniter\Boot::bootWeb()
11 SYSTEMPATH/rewrite.php(44): require_once('/home/bryan/Documents/GitHub/Regime_alimentaire/public/index.php')
CRITICAL - 2026-05-11 12:49:53 --> CodeIgniter\Filters\Exceptions\FilterException: "auth,role" filter must have a matching alias defined.
[Method: CLI, Route: routes]
in SYSTEMPATH/Filters/Filters.php on line 590.
 1 SYSTEMPATH/Filters/Filters.php(590): CodeIgniter\Filters\Exceptions\FilterException::forNoAlias()
 2 SYSTEMPATH/Filters/Filters.php(641): CodeIgniter\Filters\Filters->enableFilter()
 3 SYSTEMPATH/Commands/Utilities/Routes/FilterFinder.php(58): CodeIgniter\Filters\Filters->enableFilters()
 4 SYSTEMPATH/Commands/Utilities/Routes/FilterCollector.php(78): CodeIgniter\Commands\Utilities\Routes\FilterFinder->find()
 5 SYSTEMPATH/Commands/Utilities/Routes.php(110): CodeIgniter\Commands\Utilities\Routes\FilterCollector->get()
 6 SYSTEMPATH/CLI/Commands.php(74): CodeIgniter\Commands\Utilities\Routes->run()
 7 SYSTEMPATH/CLI/Console.php(47): CodeIgniter\CLI\Commands->run()
 8 SYSTEMPATH/Boot.php(442): CodeIgniter\CLI\Console->run()
 9 SYSTEMPATH/Boot.php(166): CodeIgniter\Boot::runCommand()
10 ROOTPATH/spark(87): CodeIgniter\Boot::bootSpark()
CRITICAL - 2026-05-11 12:51:49 --> ErrorException: fwrite(): Write of 47 bytes failed with errno=32 Broken pipe
[Method: CLI, Route: routes]
in SYSTEMPATH/CLI/InputOutput.php on line 78.
 1 [internal function]: CodeIgniter\Debug\Exceptions->errorHandler()
 2 SYSTEMPATH/CLI/InputOutput.php(78): fwrite()
 3 SYSTEMPATH/CLI/CLI.php(1126): CodeIgniter\CLI\InputOutput->fwrite()
 4 SYSTEMPATH/CLI/CLI.php(465): CodeIgniter\CLI\CLI::fwrite()
 5 SYSTEMPATH/Commands/Utilities/Routes.php(211): CodeIgniter\CLI\CLI::write()
 6 SYSTEMPATH/Commands/Utilities/Routes.php(196): CodeIgniter\Commands\Utilities\Routes->showRequiredFilters()
 7 SYSTEMPATH/CLI/Commands.php(74): CodeIgniter\Commands\Utilities\Routes->run()
 8 SYSTEMPATH/CLI/Console.php(47): CodeIgniter\CLI\Commands->run()
 9 SYSTEMPATH/Boot.php(442): CodeIgniter\CLI\Console->run()
10 SYSTEMPATH/Boot.php(166): CodeIgniter\Boot::runCommand()
11 ROOTPATH/spark(87): CodeIgniter\Boot::bootSpark()
CRITICAL - 2026-05-11 12:51:49 --> ErrorException: Uncaught ErrorException: fwrite(): Write of 17 bytes failed with errno=32 Broken pipe in /home/bryan/Documents/GitHub/Regime_alimentaire/system/CLI/InputOutput.php:78
Stack trace:
#0 [internal function]: CodeIgniter\Debug\Exceptions->errorHandler()
#1 /home/bryan/Documents/GitHub/Regime_alimentaire/system/CLI/InputOutput.php(78): fwrite()
#2 /home/bryan/Documents/GitHub/Regime_alimentaire/system/CLI/CLI.php(1126): CodeIgniter\CLI\InputOutput->fwrite()
#3 /home/bryan/Documents/GitHub/Regime_alimentaire/system/CLI/CLI.php(465): CodeIgniter\CLI\CLI::fwrite()
#4 /home/bryan/Documents/GitHub/Regime_alimentaire/app/Views/errors/cli/error_exception.php(6): CodeIgniter\CLI\CLI::write()
#5 /home/bryan/Documents/GitHub/Regime_alimentaire/app/Views/errors/cli/production.php(5): include('...')
#6 /home/bryan/Documents/GitHub/Regime_alimentaire/system/Debug/BaseExceptionHandler.php(270): include('...')
#7 /home/bryan/Documents/GitHub/Regime_alimentaire/system/Debug/BaseExceptionHandler.php(273): CodeIgniter\Debug\BaseExceptionHandler->CodeIgniter\Debug\{closure}()
#8 /home/bryan/Documents/GitHub/Regime_alimentaire/system/Debug/ExceptionHandler.php(126): CodeIgniter\Debug\BaseExceptionHandler->render()
#9 /home/bryan/Documents/GitHub/Regime_alimentaire/system/Debug/Exceptions.php(151): CodeIgniter\Debug\ExceptionHandler->handle()
#10 [internal function]: CodeIgniter\Debug\Exceptions->exceptionHandler()
#11 {main}
  thrown
【Previous Exception】
ErrorException
fwrite(): Write of 47 bytes failed with errno=32 Broken pipe
#0 [internal function]: CodeIgniter\Debug\Exceptions->errorHandler()
#1 /home/bryan/Documents/GitHub/Regime_alimentaire/system/CLI/InputOutput.php(78): fwrite()
#2 /home/bryan/Documents/GitHub/Regime_alimentaire/system/CLI/CLI.php(1126): CodeIgniter\CLI\InputOutput->fwrite()
#3 /home/bryan/Documents/GitHub/Regime_alimentaire/system/CLI/CLI.php(465): CodeIgniter\CLI\CLI::fwrite()
#4 /home/bryan/Documents/GitHub/Regime_alimentaire/system/Commands/Utilities/Routes.php(211): CodeIgniter\CLI\CLI::write()
#5 /home/bryan/Documents/GitHub/Regime_alimentaire/system/Commands/Utilities/Routes.php(196): CodeIgniter\Commands\Utilities\Routes->showRequiredFilters()
#6 /home/bryan/Documents/GitHub/Regime_alimentaire/system/CLI/Commands.php(74): CodeIgniter\Commands\Utilities\Routes->run()
#7 /home/bryan/Documents/GitHub/Regime_alimentaire/system/CLI/Console.php(47): CodeIgniter\CLI\Commands->run()
#8 /home/bryan/Documents/GitHub/Regime_alimentaire/system/Boot.php(442): CodeIgniter\CLI\Console->run()
#9 /home/bryan/Documents/GitHub/Regime_alimentaire/system/Boot.php(166): CodeIgniter\Boot::runCommand()
#10 /home/bryan/Documents/GitHub/Regime_alimentaire/spark(87): CodeIgniter\Boot::bootSpark()
#11 {main}
[Method: CLI, Route: routes]
in SYSTEMPATH/CLI/InputOutput.php on line 78.
 1 [internal function]: CodeIgniter\Debug\Exceptions->shutdownHandler()
CRITICAL - 2026-05-11 13:13:58 --> CodeIgniter\Filters\Exceptions\FilterException: "auth,role" filter must have a matching alias defined.
[Method: GET, Route: back-office/dashboard]
in SYSTEMPATH/Filters/Filters.php on line 590.
 1 SYSTEMPATH/Filters/Filters.php(590): CodeIgniter\Filters\Exceptions\FilterException::forNoAlias()
 2 SYSTEMPATH/Filters/Filters.php(641): CodeIgniter\Filters\Filters->enableFilter()
 3 SYSTEMPATH/CodeIgniter.php(453): CodeIgniter\Filters\Filters->enableFilters()
 4 SYSTEMPATH/CodeIgniter.php(340): CodeIgniter\CodeIgniter->handleRequest()
 5 SYSTEMPATH/Boot.php(417): CodeIgniter\CodeIgniter->run()
 6 SYSTEMPATH/Boot.php(68): CodeIgniter\Boot::runCodeIgniter()
 7 FCPATH/index.php(59): CodeIgniter\Boot::bootWeb()
 8 SYSTEMPATH/rewrite.php(44): require_once('/home/bryan/Documents/GitHub/Regime_alimentaire/public/index.php')
CRITICAL - 2026-05-11 13:26:15 --> CodeIgniter\Exceptions\BadMethodCallException: Call to undefined method App\Models\RegimeModel::appliquerTarifDureeListe
[Method: GET, Route: back-office/regimes]
in SYSTEMPATH/Model.php on line 761.
 1 APPPATH/Controllers/BackOffice.php(174): CodeIgniter\Model->__call()
 2 SYSTEMPATH/CodeIgniter.php(951): App\Controllers\BackOffice->regimes()
 3 SYSTEMPATH/CodeIgniter.php(497): CodeIgniter\CodeIgniter->runController()
 4 SYSTEMPATH/CodeIgniter.php(340): CodeIgniter\CodeIgniter->handleRequest()
 5 SYSTEMPATH/Boot.php(417): CodeIgniter\CodeIgniter->run()
 6 SYSTEMPATH/Boot.php(68): CodeIgniter\Boot::runCodeIgniter()
 7 FCPATH/index.php(59): CodeIgniter\Boot::bootWeb()
 8 SYSTEMPATH/rewrite.php(44): require_once('/home/bryan/Documents/GitHub/Regime_alimentaire/public/index.php')
CRITICAL - 2026-05-11 13:26:30 --> Error: Class "App\Models\NormeImcModel" not found
[Method: GET, Route: back-office/parametres]
in APPPATH/Controllers/BackOffice.php on line 622.
 1 SYSTEMPATH/CodeIgniter.php(951): App\Controllers\BackOffice->parametres()
 2 SYSTEMPATH/CodeIgniter.php(497): CodeIgniter\CodeIgniter->runController()
 3 SYSTEMPATH/CodeIgniter.php(340): CodeIgniter\CodeIgniter->handleRequest()
 4 SYSTEMPATH/Boot.php(417): CodeIgniter\CodeIgniter->run()
 5 SYSTEMPATH/Boot.php(68): CodeIgniter\Boot::runCodeIgniter()
 6 FCPATH/index.php(59): CodeIgniter\Boot::bootWeb()
 7 SYSTEMPATH/rewrite.php(44): require_once('/home/bryan/Documents/GitHub/Regime_alimentaire/public/index.php')
CRITICAL - 2026-05-11 13:26:32 --> CodeIgniter\Exceptions\BadMethodCallException: Call to undefined method App\Models\RegimeModel::appliquerTarifDureeListe
[Method: GET, Route: back-office/regimes]
in SYSTEMPATH/Model.php on line 761.
 1 APPPATH/Controllers/BackOffice.php(174): CodeIgniter\Model->__call()
 2 SYSTEMPATH/CodeIgniter.php(951): App\Controllers\BackOffice->regimes()
 3 SYSTEMPATH/CodeIgniter.php(497): CodeIgniter\CodeIgniter->runController()
 4 SYSTEMPATH/CodeIgniter.php(340): CodeIgniter\CodeIgniter->handleRequest()
 5 SYSTEMPATH/Boot.php(417): CodeIgniter\CodeIgniter->run()
 6 SYSTEMPATH/Boot.php(68): CodeIgniter\Boot::runCodeIgniter()
 7 FCPATH/index.php(59): CodeIgniter\Boot::bootWeb()
 8 SYSTEMPATH/rewrite.php(44): require_once('/home/bryan/Documents/GitHub/Regime_alimentaire/public/index.php')
CRITICAL - 2026-05-11 14:23:05 --> CodeIgniter\Exceptions\LogicException: No validation rules for the placeholder: "id_code". You must set the validation rules for the field. See <https://codeigniter4.github.io/userguide/libraries/validation.html#validation-placeholders>.
[Method: POST, Route: back-office/codes/15]
in SYSTEMPATH/Validation/Validation.php on line 812.
 1 SYSTEMPATH/Validation/Validation.php(155): CodeIgniter\Validation\Validation->fillPlaceholders()
 2 SYSTEMPATH/BaseModel.php(1615): CodeIgniter\Validation\Validation->run()
 3 APPPATH/Controllers/BackOffice.php(585): CodeIgniter\BaseModel->validate()
 4 SYSTEMPATH/CodeIgniter.php(951): App\Controllers\BackOffice->updateCode()
 5 SYSTEMPATH/CodeIgniter.php(497): CodeIgniter\CodeIgniter->runController()
 6 SYSTEMPATH/CodeIgniter.php(340): CodeIgniter\CodeIgniter->handleRequest()
 7 SYSTEMPATH/Boot.php(417): CodeIgniter\CodeIgniter->run()
 8 SYSTEMPATH/Boot.php(68): CodeIgniter\Boot::runCodeIgniter()
 9 FCPATH/index.php(59): CodeIgniter\Boot::bootWeb()
10 SYSTEMPATH/rewrite.php(44): require_once('/home/bryan/Documents/GitHub/Regime_alimentaire/public/index.php')
CRITICAL - 2026-05-11 14:24:13 --> CodeIgniter\Exceptions\LogicException: No validation rules for the placeholder: "id_code". You must set the validation rules for the field. See <https://codeigniter4.github.io/userguide/libraries/validation.html#validation-placeholders>.
[Method: POST, Route: back-office/codes/15]
in SYSTEMPATH/Validation/Validation.php on line 812.
 1 SYSTEMPATH/Validation/Validation.php(155): CodeIgniter\Validation\Validation->fillPlaceholders()
 2 SYSTEMPATH/BaseModel.php(1615): CodeIgniter\Validation\Validation->run()
 3 APPPATH/Controllers/BackOffice.php(585): CodeIgniter\BaseModel->validate()
 4 SYSTEMPATH/CodeIgniter.php(951): App\Controllers\BackOffice->updateCode()
 5 SYSTEMPATH/CodeIgniter.php(497): CodeIgniter\CodeIgniter->runController()
 6 SYSTEMPATH/CodeIgniter.php(340): CodeIgniter\CodeIgniter->handleRequest()
 7 SYSTEMPATH/Boot.php(417): CodeIgniter\CodeIgniter->run()
 8 SYSTEMPATH/Boot.php(68): CodeIgniter\Boot::runCodeIgniter()
 9 FCPATH/index.php(59): CodeIgniter\Boot::bootWeb()
10 SYSTEMPATH/rewrite.php(44): require_once('/home/bryan/Documents/GitHub/Regime_alimentaire/public/index.php')
CRITICAL - 2026-05-11 14:25:00 --> CodeIgniter\Exceptions\LogicException: The placeholder field cannot use placeholder: id_code
[Method: POST, Route: back-office/codes/15]
in SYSTEMPATH/Validation/Validation.php on line 822.
 1 SYSTEMPATH/Validation/Validation.php(155): CodeIgniter\Validation\Validation->fillPlaceholders()
 2 SYSTEMPATH/BaseModel.php(1615): CodeIgniter\Validation\Validation->run()
 3 APPPATH/Controllers/BackOffice.php(585): CodeIgniter\BaseModel->validate()
 4 SYSTEMPATH/CodeIgniter.php(951): App\Controllers\BackOffice->updateCode()
 5 SYSTEMPATH/CodeIgniter.php(497): CodeIgniter\CodeIgniter->runController()
 6 SYSTEMPATH/CodeIgniter.php(340): CodeIgniter\CodeIgniter->handleRequest()
 7 SYSTEMPATH/Boot.php(417): CodeIgniter\CodeIgniter->run()
 8 SYSTEMPATH/Boot.php(68): CodeIgniter\Boot::runCodeIgniter()
 9 FCPATH/index.php(59): CodeIgniter\Boot::bootWeb()
10 SYSTEMPATH/rewrite.php(44): require_once('/home/bryan/Documents/GitHub/Regime_alimentaire/public/index.php')
CRITICAL - 2026-05-11 22:47:01 --> CodeIgniter\Exceptions\LogicException: The placeholder field cannot use placeholder: id_code
[Method: POST, Route: back-office/codes/15]
in SYSTEMPATH/Validation/Validation.php on line 822.
 1 SYSTEMPATH/Validation/Validation.php(155): CodeIgniter\Validation\Validation->fillPlaceholders()
 2 SYSTEMPATH/BaseModel.php(1615): CodeIgniter\Validation\Validation->run()
 3 APPPATH/Controllers/BackOffice.php(585): CodeIgniter\BaseModel->validate()
 4 SYSTEMPATH/CodeIgniter.php(951): App\Controllers\BackOffice->updateCode()
 5 SYSTEMPATH/CodeIgniter.php(497): CodeIgniter\CodeIgniter->runController()
 6 SYSTEMPATH/CodeIgniter.php(340): CodeIgniter\CodeIgniter->handleRequest()
 7 SYSTEMPATH/Boot.php(417): CodeIgniter\CodeIgniter->run()
 8 SYSTEMPATH/Boot.php(68): CodeIgniter\Boot::runCodeIgniter()
 9 FCPATH/index.php(59): CodeIgniter\Boot::bootWeb()
10 SYSTEMPATH/rewrite.php(44): require_once('/home/bryan/Documents/GitHub/Regime_alimentaire/public/index.php')
